STORE HIT
Array
(
)
{"kak":{"nama_kegiatan":"tes","deskripsi_kegiatan":"tes","metode_pelaksanaan":"s","kurun_waktu_pelaksanaan":"27 hari","tanggal_mulai":"2025-11-28","tanggal_selesai":"2025-12-24","lokasi":"PNJ Depok","penerima_manfaat":[{"sasaran_utama":"s","manfaat":"s"}],"tahapan_pelaksanaan":[{"nama_tahapan":"s","urutan":1}],"indikator_kinerja":[{"bulan_indikator":"Februari","deskripsi_target":"sd","persentase_target":100}]},"target_iku":[{"iku_id":2,"persentase_target":2}],"rab":[{"kategori_belanja_id":1,"uraian":"abc","volume1":2,"satuan1_id":6,"volume2":null,"satuan2_id":null,"volume3":null,"satuan3_id":null,"harga_satuan":2},{"kategori_belanja_id":2,"uraian":"abc","volume1":1,"satuan1_id":7,"volume2":null,"satuan2_id":null,"volume3":null,"satuan3_id":null,"harga_satuan":1},{"kategori_belanja_id":3,"uraian":"ab","volume1":1,"satuan1_id":10,"volume2":null,"satuan2_id":null,"volume3":null,"satuan3_id":null,"harga_satuan":2}]}

STORE HIT
Array
(
)
{"kak":{"nama_kegiatan":"adawd","deskripsi_kegiatan":"adwad","metode_pelaksanaan":"a","kurun_waktu_pelaksanaan":"8 hari","tanggal_mulai":"2025-11-27","tanggal_selesai":"2025-12-04","lokasi":"PNJ Depok","penerima_manfaat":[{"sasaran_utama":"a","manfaat":"a"}],"tahapan_pelaksanaan":[{"nama_tahapan":"a","urutan":1}],"indikator_kinerja":[{"bulan_indikator":"Februari","deskripsi_target":"a","persentase_target":100}]},"target_iku":[{"iku_id":1,"persentase_target":1}],"rab":[{"kategori_belanja_id":1,"uraian":"a","volume1":1,"satuan1_id":6,"volume2":null,"satuan2_id":null,"volume3":null,"satuan3_id":null,"harga_satuan":1}]}

STORE HIT
Array
(
)
{"kak":{"nama_kegiatan":"adawd","deskripsi_kegiatan":"adwad","metode_pelaksanaan":"a","kurun_waktu_pelaksanaan":"8 hari","tanggal_mulai":"2025-11-27","tanggal_selesai":"2025-12-04","lokasi":"PNJ Depok","penerima_manfaat":[{"sasaran_utama":"a","manfaat":"a"}],"tahapan_pelaksanaan":[{"nama_tahapan":"a","urutan":1}],"indikator_kinerja":[{"bulan_indikator":"Februari","deskripsi_target":"a","persentase_target":100}]},"target_iku":[{"iku_id":1,"persentase_target":1}],"rab":[{"kategori_belanja_id":1,"uraian":"a","volume1":1,"satuan1_id":6,"volume2":null,"satuan2_id":null,"volume3":null,"satuan3_id":null,"harga_satuan":1}]}

STORE HIT
Array
(
)
{"kak":{"nama_kegiatan":"adawd","deskripsi_kegiatan":"adwad","metode_pelaksanaan":"a","kurun_waktu_pelaksanaan":"8 hari","tanggal_mulai":"2025-11-27","tanggal_selesai":"2025-12-04","lokasi":"PNJ Depok","penerima_manfaat":[{"sasaran_utama":"a","manfaat":"a"}],"tahapan_pelaksanaan":[{"nama_tahapan":"a","urutan":1}],"indikator_kinerja":[{"bulan_indikator":"Februari","deskripsi_target":"a","persentase_target":100}]},"target_iku":[{"iku_id":1,"persentase_target":1}],"rab":[{"kategori_belanja_id":1,"uraian":"a","volume1":1,"satuan1_id":6,"volume2":null,"satuan2_id":null,"volume3":null,"satuan3_id":null,"harga_satuan":1}]}

STORE HIT
Array
(
)
{"kak":{"nama_kegiatan":"adawd","deskripsi_kegiatan":"adwad","metode_pelaksanaan":"a","kurun_waktu_pelaksanaan":"8 hari","tanggal_mulai":"2025-11-27","tanggal_selesai":"2025-12-04","lokasi":"PNJ Depok","penerima_manfaat":[{"sasaran_utama":"a","manfaat":"a"}],"tahapan_pelaksanaan":[{"nama_tahapan":"a","urutan":1}],"indikator_kinerja":[{"bulan_indikator":"Februari","deskripsi_target":"a","persentase_target":100}]},"target_iku":[{"iku_id":1,"persentase_target":1}],"rab":[{"kategori_belanja_id":1,"uraian":"a","volume1":1,"satuan1_id":6,"volume2":null,"satuan2_id":null,"volume3":null,"satuan3_id":null,"harga_satuan":1}]}

STORE HIT
Array
(
)
{"kak":{"nama_kegiatan":"a","deskripsi_kegiatan":"a","metode_pelaksanaan":"a","kurun_waktu_pelaksanaan":"8 hari","tanggal_mulai":"2025-11-28","tanggal_selesai":"2025-12-05","lokasi":"PNJ Depok","penerima_manfaat":[{"sasaran_utama":"a","manfaat":"a"}],"tahapan_pelaksanaan":[{"nama_tahapan":"a","urutan":1}],"indikator_kinerja":[{"bulan_indikator":"Februari","deskripsi_target":"a","persentase_target":100}]},"target_iku":[{"iku_id":1,"persentase_target":1}],"rab":[{"kategori_belanja_id":1,"uraian":"a","volume1":1,"satuan1_id":7,"volume2":null,"satuan2_id":null,"volume3":null,"satuan3_id":null,"harga_satuan":1}]}

STORE HIT
Array
(
)
{"kak":{"nama_kegiatan":"a","deskripsi_kegiatan":"a","metode_pelaksanaan":"a","kurun_waktu_pelaksanaan":"8 hari","tanggal_mulai":"2025-11-28","tanggal_selesai":"2025-12-05","lokasi":"PNJ Depok","penerima_manfaat":[{"sasaran_utama":"a","manfaat":"a"}],"tahapan_pelaksanaan":[{"nama_tahapan":"a","urutan":1}],"indikator_kinerja":[{"bulan_indikator":"Februari","deskripsi_target":"a","persentase_target":100}]},"target_iku":[{"iku_id":1,"persentase_target":1}],"rab":[{"kategori_belanja_id":1,"uraian":"a","volume1":1,"satuan1_id":7,"volume2":null,"satuan2_id":null,"volume3":null,"satuan3_id":null,"harga_satuan":1}]}

STORE HIT
Array
(
)
{"kak":{"nama_kegiatan":"a","deskripsi_kegiatan":"a","metode_pelaksanaan":"a","kurun_waktu_pelaksanaan":"8 hari","tanggal_mulai":"2025-11-28","tanggal_selesai":"2025-12-05","lokasi":"PNJ Depok","penerima_manfaat":[{"sasaran_utama":"a","manfaat":"a"}],"tahapan_pelaksanaan":[{"nama_tahapan":"a","urutan":1}],"indikator_kinerja":[{"bulan_indikator":"Februari","deskripsi_target":"a","persentase_target":100}]},"target_iku":[{"iku_id":1,"persentase_target":1}],"rab":[{"kategori_belanja_id":1,"uraian":"a","volume1":1,"satuan1_id":7,"volume2":null,"satuan2_id":null,"volume3":null,"satuan3_id":null,"harga_satuan":1}]}

STORE HIT
Array
(
)
{"kak":{"nama_kegiatan":"a","tipe_kegiatan_id":2,"deskripsi_kegiatan":"a","metode_pelaksanaan":"a","kurun_waktu_pelaksanaan":"8 hari","tanggal_mulai":"2025-11-28","tanggal_selesai":"2025-12-05","lokasi":"PNJ Depok","penerima_manfaat":[{"sasaran_utama":"a","manfaat":"a"}],"tahapan_pelaksanaan":[{"nama_tahapan":"a","urutan":1}],"indikator_kinerja":[{"bulan_indikator":"Maret","deskripsi_target":"a","persentase_target":100}]},"target_iku":[{"iku_id":2,"persentase_target":2}],"rab":[{"kategori_belanja_id":1,"uraian":"a","volume1":1,"satuan1_id":7,"volume2":null,"satuan2_id":null,"volume3":null,"satuan3_id":null,"harga_satuan":1}]}

STORE HIT
Array
(
)
{"kak":{"nama_kegiatan":"a","tipe_kegiatan_id":2,"deskripsi_kegiatan":"a","metode_pelaksanaan":"a","kurun_waktu_pelaksanaan":"8 hari","tanggal_mulai":"2025-11-28","tanggal_selesai":"2025-12-05","lokasi":"PNJ Depok","penerima_manfaat":[{"sasaran_utama":"a","manfaat":"a"}],"tahapan_pelaksanaan":[{"nama_tahapan":"a","urutan":1}],"indikator_kinerja":[{"bulan_indikator":"Maret","deskripsi_target":"a","persentase_target":100}]},"target_iku":[{"iku_id":2,"persentase_target":2}],"rab":[{"kategori_belanja_id":1,"uraian":"a","volume1":1,"satuan1_id":7,"volume2":null,"satuan2_id":null,"volume3":null,"satuan3_id":null,"harga_satuan":1}]}

STORE HIT
Array
(
)
{"kak":{"nama_kegiatan":"a","tipe_kegiatan_id":2,"deskripsi_kegiatan":"a","metode_pelaksanaan":"a","kurun_waktu_pelaksanaan":"8 hari","tanggal_mulai":"2025-11-28","tanggal_selesai":"2025-12-05","lokasi":"PNJ Depok","penerima_manfaat":[{"sasaran_utama":"a","manfaat":"a"}],"tahapan_pelaksanaan":[{"nama_tahapan":"a","urutan":1}],"indikator_kinerja":[{"bulan_indikator":"Maret","deskripsi_target":"a","persentase_target":100}]},"target_iku":[{"iku_id":2,"persentase_target":2}],"rab":[{"kategori_belanja_id":1,"uraian":"a","volume1":1,"satuan1_id":7,"volume2":null,"satuan2_id":null,"volume3":null,"satuan3_id":null,"harga_satuan":1}]}

STORE HIT
Array
(
)
{"kak":{"nama_kegiatan":"asasa","tipe_kegiatan_id":2,"deskripsi_kegiatan":"asaaddada","metode_pelaksanaan":"adadada","kurun_waktu_pelaksanaan":"8 hari","tanggal_mulai":"2025-11-28","tanggal_selesai":"2025-12-05","lokasi":"PNJ Depok","penerima_manfaat":[{"sasaran_utama":"adaada","manfaat":"adadada"}],"tahapan_pelaksanaan":[{"nama_tahapan":"adadaa","urutan":1}],"indikator_kinerja":[{"bulan_indikator":"Maret","deskripsi_target":"adadada","persentase_target":80}]},"target_iku":[{"iku_id":2,"persentase_target":100},{"iku_id":1,"persentase_target":10}],"rab":[{"kategori_belanja_id":1,"uraian":"adadada","volume1":1,"satuan1_id":6,"volume2":null,"satuan2_id":null,"volume3":null,"satuan3_id":null,"harga_satuan":11111},{"kategori_belanja_id":2,"uraian":"asadaa","volume1":1,"satuan1_id":4,"volume2":null,"satuan2_id":null,"volume3":null,"satuan3_id":null,"harga_satuan":11111},{"kategori_belanja_id":3,"uraian":"adadadaaa","volume1":1,"satuan1_id":2,"volume2":null,"satuan2_id":null,"volume3":null,"satuan3_id":null,"harga_satuan":1111111}]}

STORE HIT
Array
(
)
{"kak":{"nama_kegiatan":"tes automasi email verif approve","tipe_kegiatan_id":2,"deskripsi_kegiatan":"asdasdad","metode_pelaksanaan":"cxfvfgbhjmhng","kurun_waktu_pelaksanaan":"16 hari","tanggal_mulai":"2026-01-15","tanggal_selesai":"2026-01-30","lokasi":"PNJ Depok","penerima_manfaat":[{"sasaran_utama":"adsadsv","manfaat":"adarbr"},{"sasaran_utama":"brwbvev","manfaat":"qcvr"}],"tahapan_pelaksanaan":[{"nama_tahapan":"1","urutan":1},{"nama_tahapan":"2","urutan":2},{"nama_tahapan":"3","urutan":3}],"indikator_kinerja":[{"bulan_indikator":"Agustus","deskripsi_target":"berhasil","persentase_target":100}]},"target_iku":[{"iku_id":6,"persentase_target":23}],"rab":[{"kategori_belanja_id":1,"uraian":"sadsfdgbfvd","volume1":10,"satuan1_id":10,"volume2":null,"satuan2_id":null,"volume3":null,"satuan3_id":null,"harga_satuan":20000},{"kategori_belanja_id":2,"uraian":"asasa","volume1":1,"satuan1_id":11,"volume2":4,"satuan2_id":11,"volume3":null,"satuan3_id":null,"harga_satuan":100000},{"kategori_belanja_id":3,"uraian":"sdasfd","volume1":120,"satuan1_id":6,"volume2":10,"satuan2_id":7,"volume3":null,"satuan3_id":null,"harga_satuan":1000}]}

